// Jest Snapshot v1, https://goo.gl/fbAQLP

exports[`RaiseLimitScreen renders correctly 1`] = `
<RNCSafeAreaView
  style={
    Object {
      "flex": 1,
      "marginHorizontal": 16,
    }
  }
>
  <View
    style={
      Object {
        "marginBottom": 24,
      }
    }
    testID="DailyLimitContainer"
  >
    <Text
      style={
        Object {
          "color": "#9CA4A9",
          "fontFamily": "Inter-SemiBold",
          "fontSize": 13,
          "lineHeight": 16,
          "marginBottom": 8,
        }
      }
    >
      dailyLimitLabel
    </Text>
    <View
      style={Object {}}
    >
      <Text
        style={
          Array [
            Object {
              "color": "#2E3338",
              "fontFamily": "Inter-SemiBold",
              "fontSize": 24,
              "lineHeight": 27,
            },
            Object {
              "color": "#2E3338",
            },
          ]
        }
        testID="undefined/value"
      >
        
        $
        1,330.00
      </Text>
      <View
        accessible={true}
        focusable={true}
        hitSlop={
          Object {
            "bottom": 10,
            "left": 10,
            "right": 10,
            "top": 10,
          }
        }
        nativeBackgroundAndroid={
          Object {
            "attribute": "selectableItemBackgroundBorderless",
            "rippleRadius": undefined,
            "type": "ThemeAttrAndroid",
          }
        }
        onClick={[Function]}
        onResponderGrant={[Function]}
        onResponderMove={[Function]}
        onResponderRelease={[Function]}
        onResponderTerminate={[Function]}
        onResponderTerminationRequest={[Function]}
        onStartShouldSetResponder={[Function]}
        style={
          Object {
            "alignItems": "center",
            "justifyContent": "flex-end",
            "paddingHorizontal": 5,
          }
        }
      >
        <svg
          fill="none"
          height={12}
          style={Object {}}
          viewBox="0 0 16 16"
          width={12}
          xmlns="http://www.w3.org/2000/svg"
        >
          <circle
            cx="8"
            cy="8"
            r="7"
            stroke="#2E3338"
            stroke-width="1.25"
            style={Object {}}
          />
          <path
            d="M8 12V7M8 6V5"
            stroke="#2E3338"
            stroke-width="1.25"
            style={Object {}}
          />
        </svg>
      </View>
      <Modal
        animationType="none"
        hardwareAccelerated={false}
        hideModalContentWhileAnimating={false}
        onModalHide={[Function]}
        onModalWillHide={[Function]}
        onModalWillShow={[Function]}
        onRequestClose={[Function]}
        scrollHorizontal={false}
        scrollOffset={0}
        scrollOffsetMax={0}
        scrollTo={null}
        statusBarTranslucent={true}
        supportedOrientations={
          Array [
            "portrait",
            "landscape",
          ]
        }
        swipeThreshold={100}
        transparent={true}
        visible={false}
      >
        <View
          accessible={true}
          focusable={true}
          forwardedRef={[Function]}
          onClick={[Function]}
          onResponderGrant={[Function]}
          onResponderMove={[Function]}
          onResponderRelease={[Function]}
          onResponderTerminate={[Function]}
          onResponderTerminationRequest={[Function]}
          onStartShouldSetResponder={[Function]}
          style={
            Object {
              "backgroundColor": "black",
              "bottom": 0,
              "height": 1334,
              "left": 0,
              "opacity": 0,
              "position": "absolute",
              "right": 0,
              "top": 0,
              "width": 750,
            }
          }
        />
        <View
          forwardedRef={[Function]}
          hideModalContentWhileAnimating={false}
          onModalHide={[Function]}
          onModalWillHide={[Function]}
          onModalWillShow={[Function]}
          pointerEvents="box-none"
          scrollHorizontal={false}
          scrollOffset={0}
          scrollOffsetMax={0}
          scrollTo={null}
          statusBarTranslucent={true}
          style={
            Object {
              "flex": 1,
              "justifyContent": "center",
              "margin": 37.5,
              "transform": Array [
                Object {
                  "translateY": 0,
                },
              ],
            }
          }
          supportedOrientations={
            Array [
              "portrait",
              "landscape",
            ]
          }
          swipeThreshold={100}
        >
          <RNCSafeAreaView>
            <View
              style={
                Array [
                  Object {
                    "backgroundColor": "#FFFFFF",
                    "padding": 16,
                  },
                  Object {
                    "borderRadius": 8,
                  },
                  Object {
                    "elevation": 12,
                    "shadowColor": "rgba(156, 164, 169, 0.4)",
                    "shadowOffset": Object {
                      "height": 2,
                      "width": 0,
                    },
                    "shadowOpacity": 1,
                    "shadowRadius": 12,
                  },
                  Array [
                    Object {
                      "backgroundColor": "#FFFFFF",
                      "maxHeight": "100%",
                      "padding": 24,
                    },
                    undefined,
                  ],
                ]
              }
            >
              <RCTScrollView
                contentContainerStyle={
                  Object {
                    "alignItems": "center",
                  }
                }
              >
                <View>
                  <Text
                    style={
                      Object {
                        "color": "#2E3338",
                        "fontFamily": "Jost-Medium",
                        "fontSize": 22,
                        "lineHeight": 28,
                        "marginBottom": 12,
                        "textAlign": "center",
                      }
                    }
                  >
                    dailyLimitModal.header
                  </Text>
                  <Text
                    style={
                      Object {
                        "color": "#2E3338",
                        "fontFamily": "Inter-Regular",
                        "fontSize": 16,
                        "lineHeight": 22,
                        "marginBottom": 24,
                        "textAlign": "center",
                      }
                    }
                  >
                    dailyLimitModal.body
                  </Text>
                </View>
              </RCTScrollView>
              <View
                style={
                  Object {
                    "flexDirection": "row",
                    "flexWrap": "wrap",
                    "justifyContent": "space-around",
                    "maxWidth": "100%",
                  }
                }
              >
                <View
                  accessible={true}
                  focusable={true}
                  nativeBackgroundAndroid={
                    Object {
                      "attribute": "selectableItemBackgroundBorderless",
                      "rippleRadius": undefined,
                      "type": "ThemeAttrAndroid",
                    }
                  }
                  onClick={[Function]}
                  onResponderGrant={[Function]}
                  onResponderMove={[Function]}
                  onResponderRelease={[Function]}
                  onResponderTerminate={[Function]}
                  onResponderTerminationRequest={[Function]}
                  onStartShouldSetResponder={[Function]}
                >
                  <Text
                    style={
                      Array [
                        Object {
                          "color": "#1AB775",
                          "fontFamily": "Inter-SemiBold",
                          "fontSize": 16,
                          "lineHeight": 22,
                        },
                        Object {
                          "paddingTop": 16,
                        },
                      ]
                    }
                  >
                    global:dismiss
                  </Text>
                </View>
              </View>
            </View>
          </RNCSafeAreaView>
        </View>
      </Modal>
    </View>
    <Text
      style={
        Object {
          "color": "#2E3338",
          "fontFamily": "Inter-Medium",
          "fontSize": 14,
          "lineHeight": 18,
          "marginBottom": 24,
          "marginTop": 4,
        }
      }
    >
      dailyLimitValue, {"dailyLimit":1000}
    </Text>
    <Text
      style={
        Object {
          "color": "#2E3338",
          "fontFamily": "Inter-Regular",
          "fontSize": 14,
          "lineHeight": 18,
          "marginTop": 8,
        }
      }
    >
      <Text
        style={
          Array [
            undefined,
            Object {
              "color": undefined,
            },
          ]
        }
        testID="undefined/value"
      >
        
        $
        1,330.00
      </Text>
    </Text>
    <Text
      style={
        Object {
          "color": "#2E3338",
          "fontFamily": "Inter-Regular",
          "fontSize": 14,
          "lineHeight": 18,
          "marginTop": 8,
        }
      }
    >
      verifyIdentityToRaiseLimit
    </Text>
  </View>
  <View
    style={
      Array [
        Object {
          "flexDirection": "column",
        },
        undefined,
      ]
    }
  >
    <View
      style={
        Array [
          Object {
            "overflow": "hidden",
          },
          Object {
            "borderRadius": 100,
          },
        ]
      }
    >
      <View
        accessible={true}
        focusable={false}
        nativeBackgroundAndroid={
          Object {
            "attribute": "selectableItemBackground",
            "rippleRadius": undefined,
            "type": "ThemeAttrAndroid",
          }
        }
        onClick={[Function]}
        onResponderGrant={[Function]}
        onResponderMove={[Function]}
        onResponderRelease={[Function]}
        onResponderTerminate={[Function]}
        onResponderTerminationRequest={[Function]}
        onStartShouldSetResponder={[Function]}
        style={
          Object {
            "alignItems": "center",
            "backgroundColor": "#97DFC1",
            "flexGrow": 1,
            "height": 48,
            "justifyContent": "center",
            "opacity": undefined,
            "paddingHorizontal": 24,
            "paddingVertical": 5,
          }
        }
        testID="PersonaButton"
      >
        <Text
          maxFontSizeMultiplier={1}
          style={
            Object {
              "color": "#FFFFFF",
              "fontFamily": "Inter-SemiBold",
              "fontSize": 16,
              "lineHeight": 22,
            }
          }
        >
          raiseLimitBegin
        </Text>
      </View>
    </View>
  </View>
</RNCSafeAreaView>
`;
